  ChatGrpcClient.cpp
  ChatServer.cpp
  Please define _WIN32_WINNT or _WIN32_WINDOWS appropriately. For example:
  - add -D_WIN32_WINNT=0x0601 to the compiler command line; or
  - add _WIN32_WINNT=0x0601 to your project's Preprocessor Definitions.
  Assuming _WIN32_WINNT=0x0601 (i.e. Windows 7 target).
  ConfigMgr.cpp
  Please define _WIN32_WINNT or _WIN32_WINDOWS appropriately. For example:
  - add -D_WIN32_WINNT=0x0601 to the compiler command line; or
  - add _WIN32_WINNT=0x0601 to your project's Preprocessor Definitions.
  Assuming _WIN32_WINNT=0x0601 (i.e. Windows 7 target).
  CServer.cpp
  Please define _WIN32_WINNT or _WIN32_WINDOWS appropriately. For example:
  - add -D_WIN32_WINNT=0x0601 to the compiler command line; or
  - add _WIN32_WINNT=0x0601 to your project's Preprocessor Definitions.
  Assuming _WIN32_WINNT=0x0601 (i.e. Windows 7 target).
  IOContextPool.cpp
  Please define _WIN32_WINNT or _WIN32_WINDOWS appropriately. For example:
  - add -D_WIN32_WINNT=0x0601 to the compiler command line; or
  - add _WIN32_WINNT=0x0601 to your project's Preprocessor Definitions.
  Assuming _WIN32_WINNT=0x0601 (i.e. Windows 7 target).
  LogicSystem.cpp
  Please define _WIN32_WINNT or _WIN32_WINDOWS appropriately. For example:
  - add -D_WIN32_WINNT=0x0601 to the compiler command line; or
  - add _WIN32_WINNT=0x0601 to your project's Preprocessor Definitions.
  Assuming _WIN32_WINNT=0x0601 (i.e. Windows 7 target).
  message.grpc.pb.cc
  message.pb.cc
E:\ZZPChat\ChatServer\message.pb.cc(884,67): warning C4244: “=”: 从“google::protobuf::uint64”转换到“google::protobuf::int32”，可能丢失数据
E:\ZZPChat\ChatServer\message.pb.cc(1141,65): warning C4244: “=”: 从“google::protobuf::uint64”转换到“google::protobuf::int32”，可能丢失数据
E:\ZZPChat\ChatServer\message.pb.cc(1363,67): warning C4244: “=”: 从“google::protobuf::uint64”转换到“google::protobuf::int32”，可能丢失数据
E:\ZZPChat\ChatServer\message.pb.cc(1659,65): warning C4244: “=”: 从“google::protobuf::uint64”转换到“google::protobuf::int32”，可能丢失数据
E:\ZZPChat\ChatServer\message.pb.cc(1901,67): warning C4244: “=”: 从“google::protobuf::uint64”转换到“google::protobuf::int32”，可能丢失数据
E:\ZZPChat\ChatServer\message.pb.cc(1908,65): warning C4244: “=”: 从“google::protobuf::uint64”转换到“google::protobuf::int32”，可能丢失数据
E:\ZZPChat\ChatServer\message.pb.cc(2195,70): warning C4244: “=”: 从“google::protobuf::uint64”转换到“google::protobuf::int32”，可能丢失数据
E:\ZZPChat\ChatServer\message.pb.cc(2238,65): warning C4244: “=”: 从“google::protobuf::uint64”转换到“google::protobuf::int32”，可能丢失数据
E:\ZZPChat\ChatServer\message.pb.cc(2245,67): warning C4244: “=”: 从“google::protobuf::uint64”转换到“google::protobuf::int32”，可能丢失数据
E:\ZZPChat\ChatServer\message.pb.cc(2569,67): warning C4244: “=”: 从“google::protobuf::uint64”转换到“google::protobuf::int32”，可能丢失数据
E:\ZZPChat\ChatServer\message.pb.cc(2576,70): warning C4244: “=”: 从“google::protobuf::uint64”转换到“google::protobuf::int32”，可能丢失数据
E:\ZZPChat\ChatServer\message.pb.cc(2583,67): warning C4244: “=”: 从“google::protobuf::uint64”转换到“google::protobuf::int32”，可能丢失数据
E:\ZZPChat\ChatServer\message.pb.cc(2823,69): warning C4244: “=”: 从“google::protobuf::uint64”转换到“google::protobuf::int32”，可能丢失数据
E:\ZZPChat\ChatServer\message.pb.cc(2837,67): warning C4244: “=”: 从“google::protobuf::uint64”转换到“google::protobuf::int32”，可能丢失数据
E:\ZZPChat\ChatServer\message.pb.cc(3075,67): warning C4244: “=”: 从“google::protobuf::uint64”转换到“google::protobuf::int32”，可能丢失数据
E:\ZZPChat\ChatServer\message.pb.cc(3082,69): warning C4244: “=”: 从“google::protobuf::uint64”转换到“google::protobuf::int32”，可能丢失数据
E:\ZZPChat\ChatServer\message.pb.cc(3089,67): warning C4244: “=”: 从“google::protobuf::uint64”转换到“google::protobuf::int32”，可能丢失数据
E:\ZZPChat\ChatServer\message.pb.cc(3338,69): warning C4244: “=”: 从“google::protobuf::uint64”转换到“google::protobuf::int32”，可能丢失数据
E:\ZZPChat\ChatServer\message.pb.cc(3345,67): warning C4244: “=”: 从“google::protobuf::uint64”转换到“google::protobuf::int32”，可能丢失数据
E:\ZZPChat\ChatServer\message.pb.cc(3599,67): warning C4244: “=”: 从“google::protobuf::uint64”转换到“google::protobuf::int32”，可能丢失数据
E:\ZZPChat\ChatServer\message.pb.cc(3606,69): warning C4244: “=”: 从“google::protobuf::uint64”转换到“google::protobuf::int32”，可能丢失数据
E:\ZZPChat\ChatServer\message.pb.cc(3613,67): warning C4244: “=”: 从“google::protobuf::uint64”转换到“google::protobuf::int32”，可能丢失数据
E:\ZZPChat\ChatServer\message.pb.cc(3853,69): warning C4244: “=”: 从“google::protobuf::uint64”转换到“google::protobuf::int32”，可能丢失数据
E:\ZZPChat\ChatServer\message.pb.cc(3860,67): warning C4244: “=”: 从“google::protobuf::uint64”转换到“google::protobuf::int32”，可能丢失数据
E:\ZZPChat\ChatServer\message.pb.cc(4084,67): warning C4244: “=”: 从“google::protobuf::uint64”转换到“google::protobuf::int32”，可能丢失数据
E:\ZZPChat\ChatServer\message.pb.cc(4091,69): warning C4244: “=”: 从“google::protobuf::uint64”转换到“google::protobuf::int32”，可能丢失数据
E:\ZZPChat\ChatServer\message.pb.cc(4098,67): warning C4244: “=”: 从“google::protobuf::uint64”转换到“google::protobuf::int32”，可能丢失数据
E:\ZZPChat\ChatServer\message.pb.cc(4342,69): warning C4244: “=”: 从“google::protobuf::uint64”转换到“google::protobuf::int32”，可能丢失数据
E:\ZZPChat\ChatServer\message.pb.cc(4349,67): warning C4244: “=”: 从“google::protobuf::uint64”转换到“google::protobuf::int32”，可能丢失数据
E:\ZZPChat\ChatServer\message.pb.cc(4853,67): warning C4244: “=”: 从“google::protobuf::uint64”转换到“google::protobuf::int32”，可能丢失数据
E:\ZZPChat\ChatServer\message.pb.cc(4860,69): warning C4244: “=”: 从“google::protobuf::uint64”转换到“google::protobuf::int32”，可能丢失数据
E:\ZZPChat\ChatServer\message.pb.cc(4867,67): warning C4244: “=”: 从“google::protobuf::uint64”转换到“google::protobuf::int32”，可能丢失数据
  MsgNode.cpp
  Please define _WIN32_WINNT or _WIN32_WINDOWS appropriately. For example:
  - add -D_WIN32_WINNT=0x0601 to the compiler command line; or
  - add _WIN32_WINNT=0x0601 to your project's Preprocessor Definitions.
  Assuming _WIN32_WINNT=0x0601 (i.e. Windows 7 target).
  MysqlDao.cpp
  Please define _WIN32_WINNT or _WIN32_WINDOWS appropriately. For example:
  - add -D_WIN32_WINNT=0x0601 to the compiler command line; or
  - add _WIN32_WINNT=0x0601 to your project's Preprocessor Definitions.
  Assuming _WIN32_WINNT=0x0601 (i.e. Windows 7 target).
  MySqlMgr.cpp
  Please define _WIN32_WINNT or _WIN32_WINDOWS appropriately. For example:
  - add -D_WIN32_WINNT=0x0601 to the compiler command line; or
  - add _WIN32_WINNT=0x0601 to your project's Preprocessor Definitions.
  Assuming _WIN32_WINNT=0x0601 (i.e. Windows 7 target).
  RedisMgr.cpp
  Please define _WIN32_WINNT or _WIN32_WINDOWS appropriately. For example:
  - add -D_WIN32_WINNT=0x0601 to the compiler command line; or
  - add _WIN32_WINNT=0x0601 to your project's Preprocessor Definitions.
  Assuming _WIN32_WINNT=0x0601 (i.e. Windows 7 target).
  Session.cpp
  Please define _WIN32_WINNT or _WIN32_WINDOWS appropriately. For example:
  - add -D_WIN32_WINNT=0x0601 to the compiler command line; or
  - add _WIN32_WINNT=0x0601 to your project's Preprocessor Definitions.
  Assuming _WIN32_WINNT=0x0601 (i.e. Windows 7 target).
E:\ZZPChat\ChatServer\Session.cpp(45,20): warning C4267: “初始化”: 从“size_t”转换到“int”，可能丢失数据
E:\ZZPChat\ChatServer\Session.cpp(64,20): warning C4267: “初始化”: 从“size_t”转换到“int”，可能丢失数据
E:\ZZPChat\ChatServer\Session.cpp(146,61): warning C4267: “参数”: 从“size_t”转换到“boost::asio::detail::u_short_type”，可能丢失数据
E:\ZZPChat\ChatServer\Session.cpp(154,18): warning C4267: “参数”: 从“size_t”转换到“int”，可能丢失数据
E:\ZZPChat\ChatServer\Session.cpp(183,32): warning C4244: “+=”: 从“unsigned __int64”转换到“int”，可能丢失数据
E:\Microsoft Visual Studio\2022\Community_IDE\VC\Tools\MSVC\14.44.35207\include\xutility(476,82): warning C4267: “参数”: 从“size_t”转换到“short”，可能丢失数据
  (编译源文件“Session.cpp”)
      E:\Microsoft Visual Studio\2022\Community_IDE\VC\Tools\MSVC\14.44.35207\include\xutility(476,82):
      模板实例化上下文(最早的实例化上下文)为
          E:\ZZPChat\ChatServer\Session.cpp(55,22):
          查看对正在编译的函数 模板 实例化“std::shared_ptr<SendNode> std::make_shared<SendNode,char*&,size_t&,short&>(char *&,size_t &,short &)”的引用
          E:\Microsoft Visual Studio\2022\Community_IDE\VC\Tools\MSVC\14.44.35207\include\memory(2913,46):
          查看对正在编译的函数 模板 实例化“std::_Ref_count_obj2<SendNode>::_Ref_count_obj2<char*&,size_t&,short&>(char *&,size_t &,short &)”的引用
          E:\Microsoft Visual Studio\2022\Community_IDE\VC\Tools\MSVC\14.44.35207\include\memory(2100,18):
          查看对正在编译的函数 模板 实例化“void std::_Construct_in_place<_Ty,char*&,size_t&,short&>(_Ty &,char *&,size_t &,short &) noexcept(false)”的引用
          with
          [
              _Ty=SendNode
          ]
  
  StatusGrpcClient.cpp
  Please define _WIN32_WINNT or _WIN32_WINDOWS appropriately. For example:
  - add -D_WIN32_WINNT=0x0601 to the compiler command line; or
  - add _WIN32_WINNT=0x0601 to your project's Preprocessor Definitions.
  Assuming _WIN32_WINNT=0x0601 (i.e. Windows 7 target).
  UserMgr.cpp
  Please define _WIN32_WINNT or _WIN32_WINDOWS appropriately. For example:
  - add -D_WIN32_WINNT=0x0601 to the compiler command line; or
  - add _WIN32_WINNT=0x0601 to your project's Preprocessor Definitions.
  Assuming _WIN32_WINNT=0x0601 (i.e. Windows 7 target).
  正在生成代码...
E:\ZZPChat\ChatServer\MysqlDao.cpp(87,1): warning C4715: “MysqlDao::CheckEmail”: 不是所有的控件路径都返回值
E:\ZZPChat\ChatServer\ConfigMgr.h(22,1): warning C4715: “SectionInfo::operator=”: 不是所有的控件路径都返回值
  ChatServer.vcxproj -> E:\ZZPChat\ChatServer\x64\Debug\ChatServer.exe
  E:\ZZPChat\ChatServer\config.ini
  复制了 1 个文件
  E:\ZZPChat\ChatServer\mysqlcppconn-9-vs14.dll
  E:\ZZPChat\ChatServer\mysqlcppconn8-2-vs14.dll
  复制了 2 个文件
