  ChatGrpcClient.cpp
E:\cppsoft\grpc\include\grpcpp\impl\codegen\security\auth_context.h(38,19): error C4996: 'std::iterator<std::input_iterator_tag,const grpc::AuthProperty,ptrdiff_t,const grpc::AuthProperty *,const grpc::AuthProperty &>': warning STL4015: The std::iterator class template (used as a base class to provide typedefs) is deprecated in C++17. (The <iterator> header is NOT deprecated.) The C++ Standard has never required user-defined iterators to derive from std::iterator. To fix this warning, stop deriving from std::iterator and start providing publicly accessible typedefs named iterator_category, value_type, difference_type, pointer, and reference. Note that value_type is required to be non-const, even for constant iterators. You can define _SILENCE_CXX17_ITERATOR_BASE_CLASS_DEPRECATION_WARNING or _SILENCE_ALL_CXX17_DEPRECATION_WARNINGS to acknowledge that you have received this warning.
E:\Microsoft Visual Studio\2022\Community_IDE\VC\Tools\MSVC\14.29.30133\include\xutility(5959,1): message : 参见“std::iterator”的声明
  ChatServer.cpp
  Please define _WIN32_WINNT or _WIN32_WINDOWS appropriately. For example:
  - add -D_WIN32_WINNT=0x0601 to the compiler command line; or
  - add _WIN32_WINNT=0x0601 to your project's Preprocessor Definitions.
  Assuming _WIN32_WINNT=0x0601 (i.e. Windows 7 target).
E:\cppsoft\grpc\include\grpcpp\impl\codegen\security\auth_context.h(38,19): error C4996: 'std::iterator<std::input_iterator_tag,const grpc::AuthProperty,ptrdiff_t,const grpc::AuthProperty *,const grpc::AuthProperty &>': warning STL4015: The std::iterator class template (used as a base class to provide typedefs) is deprecated in C++17. (The <iterator> header is NOT deprecated.) The C++ Standard has never required user-defined iterators to derive from std::iterator. To fix this warning, stop deriving from std::iterator and start providing publicly accessible typedefs named iterator_category, value_type, difference_type, pointer, and reference. Note that value_type is required to be non-const, even for constant iterators. You can define _SILENCE_CXX17_ITERATOR_BASE_CLASS_DEPRECATION_WARNING or _SILENCE_ALL_CXX17_DEPRECATION_WARNINGS to acknowledge that you have received this warning.
E:\Microsoft Visual Studio\2022\Community_IDE\VC\Tools\MSVC\14.29.30133\include\xutility(5959,1): message : 参见“std::iterator”的声明
  ChatServiceImpl.cpp
E:\cppsoft\grpc\include\grpcpp\impl\codegen\security\auth_context.h(38,19): error C4996: 'std::iterator<std::input_iterator_tag,const grpc::AuthProperty,ptrdiff_t,const grpc::AuthProperty *,const grpc::AuthProperty &>': warning STL4015: The std::iterator class template (used as a base class to provide typedefs) is deprecated in C++17. (The <iterator> header is NOT deprecated.) The C++ Standard has never required user-defined iterators to derive from std::iterator. To fix this warning, stop deriving from std::iterator and start providing publicly accessible typedefs named iterator_category, value_type, difference_type, pointer, and reference. Note that value_type is required to be non-const, even for constant iterators. You can define _SILENCE_CXX17_ITERATOR_BASE_CLASS_DEPRECATION_WARNING or _SILENCE_ALL_CXX17_DEPRECATION_WARNINGS to acknowledge that you have received this warning.
E:\Microsoft Visual Studio\2022\Community_IDE\VC\Tools\MSVC\14.29.30133\include\xutility(5959,1): message : 参见“std::iterator”的声明
  ConfigMgr.cpp
  Please define _WIN32_WINNT or _WIN32_WINDOWS appropriately. For example:
  - add -D_WIN32_WINNT=0x0601 to the compiler command line; or
  - add _WIN32_WINNT=0x0601 to your project's Preprocessor Definitions.
  Assuming _WIN32_WINNT=0x0601 (i.e. Windows 7 target).
  CServer.cpp
  Please define _WIN32_WINNT or _WIN32_WINDOWS appropriately. For example:
  - add -D_WIN32_WINNT=0x0601 to the compiler command line; or
  - add _WIN32_WINNT=0x0601 to your project's Preprocessor Definitions.
  Assuming _WIN32_WINNT=0x0601 (i.e. Windows 7 target).
  IOContextPool.cpp
  Please define _WIN32_WINNT or _WIN32_WINDOWS appropriately. For example:
  - add -D_WIN32_WINNT=0x0601 to the compiler command line; or
  - add _WIN32_WINNT=0x0601 to your project's Preprocessor Definitions.
  Assuming _WIN32_WINNT=0x0601 (i.e. Windows 7 target).
  LogicSystem.cpp
  Please define _WIN32_WINNT or _WIN32_WINDOWS appropriately. For example:
  - add -D_WIN32_WINNT=0x0601 to the compiler command line; or
  - add _WIN32_WINNT=0x0601 to your project's Preprocessor Definitions.
  Assuming _WIN32_WINNT=0x0601 (i.e. Windows 7 target).
E:\cppsoft\grpc\include\grpcpp\impl\codegen\security\auth_context.h(38,19): error C4996: 'std::iterator<std::input_iterator_tag,const grpc::AuthProperty,ptrdiff_t,const grpc::AuthProperty *,const grpc::AuthProperty &>': warning STL4015: The std::iterator class template (used as a base class to provide typedefs) is deprecated in C++17. (The <iterator> header is NOT deprecated.) The C++ Standard has never required user-defined iterators to derive from std::iterator. To fix this warning, stop deriving from std::iterator and start providing publicly accessible typedefs named iterator_category, value_type, difference_type, pointer, and reference. Note that value_type is required to be non-const, even for constant iterators. You can define _SILENCE_CXX17_ITERATOR_BASE_CLASS_DEPRECATION_WARNING or _SILENCE_ALL_CXX17_DEPRECATION_WARNINGS to acknowledge that you have received this warning.
E:\Microsoft Visual Studio\2022\Community_IDE\VC\Tools\MSVC\14.29.30133\include\xutility(5959,1): message : 参见“std::iterator”的声明
  message.grpc.pb.cc
E:\cppsoft\grpc\include\grpcpp\impl\codegen\security\auth_context.h(38,19): error C4996: 'std::iterator<std::input_iterator_tag,const grpc::AuthProperty,ptrdiff_t,const grpc::AuthProperty *,const grpc::AuthProperty &>': warning STL4015: The std::iterator class template (used as a base class to provide typedefs) is deprecated in C++17. (The <iterator> header is NOT deprecated.) The C++ Standard has never required user-defined iterators to derive from std::iterator. To fix this warning, stop deriving from std::iterator and start providing publicly accessible typedefs named iterator_category, value_type, difference_type, pointer, and reference. Note that value_type is required to be non-const, even for constant iterators. You can define _SILENCE_CXX17_ITERATOR_BASE_CLASS_DEPRECATION_WARNING or _SILENCE_ALL_CXX17_DEPRECATION_WARNINGS to acknowledge that you have received this warning.
E:\Microsoft Visual Studio\2022\Community_IDE\VC\Tools\MSVC\14.29.30133\include\xutility(5959,1): message : 参见“std::iterator”的声明
  message.pb.cc
E:\ZZPChat\ChatServer\message.pb.cc(884,67): warning C4244: “=”: 从“google::protobuf::uint64”转换到“google::protobuf::int32”，可能丢失数据
E:\ZZPChat\ChatServer\message.pb.cc(1141,65): warning C4244: “=”: 从“google::protobuf::uint64”转换到“google::protobuf::int32”，可能丢失数据
E:\ZZPChat\ChatServer\message.pb.cc(1363,67): warning C4244: “=”: 从“google::protobuf::uint64”转换到“google::protobuf::int32”，可能丢失数据
E:\ZZPChat\ChatServer\message.pb.cc(1659,65): warning C4244: “=”: 从“google::protobuf::uint64”转换到“google::protobuf::int32”，可能丢失数据
E:\ZZPChat\ChatServer\message.pb.cc(1901,67): warning C4244: “=”: 从“google::protobuf::uint64”转换到“google::protobuf::int32”，可能丢失数据
E:\ZZPChat\ChatServer\message.pb.cc(1908,65): warning C4244: “=”: 从“google::protobuf::uint64”转换到“google::protobuf::int32”，可能丢失数据
E:\ZZPChat\ChatServer\message.pb.cc(2195,70): warning C4244: “=”: 从“google::protobuf::uint64”转换到“google::protobuf::int32”，可能丢失数据
E:\ZZPChat\ChatServer\message.pb.cc(2238,65): warning C4244: “=”: 从“google::protobuf::uint64”转换到“google::protobuf::int32”，可能丢失数据
E:\ZZPChat\ChatServer\message.pb.cc(2245,67): warning C4244: “=”: 从“google::protobuf::uint64”转换到“google::protobuf::int32”，可能丢失数据
E:\ZZPChat\ChatServer\message.pb.cc(2569,67): warning C4244: “=”: 从“google::protobuf::uint64”转换到“google::protobuf::int32”，可能丢失数据
E:\ZZPChat\ChatServer\message.pb.cc(2576,70): warning C4244: “=”: 从“google::protobuf::uint64”转换到“google::protobuf::int32”，可能丢失数据
E:\ZZPChat\ChatServer\message.pb.cc(2583,67): warning C4244: “=”: 从“google::protobuf::uint64”转换到“google::protobuf::int32”，可能丢失数据
E:\ZZPChat\ChatServer\message.pb.cc(2823,69): warning C4244: “=”: 从“google::protobuf::uint64”转换到“google::protobuf::int32”，可能丢失数据
E:\ZZPChat\ChatServer\message.pb.cc(2837,67): warning C4244: “=”: 从“google::protobuf::uint64”转换到“google::protobuf::int32”，可能丢失数据
E:\ZZPChat\ChatServer\message.pb.cc(3075,67): warning C4244: “=”: 从“google::protobuf::uint64”转换到“google::protobuf::int32”，可能丢失数据
E:\ZZPChat\ChatServer\message.pb.cc(3082,69): warning C4244: “=”: 从“google::protobuf::uint64”转换到“google::protobuf::int32”，可能丢失数据
E:\ZZPChat\ChatServer\message.pb.cc(3089,67): warning C4244: “=”: 从“google::protobuf::uint64”转换到“google::protobuf::int32”，可能丢失数据
E:\ZZPChat\ChatServer\message.pb.cc(3338,69): warning C4244: “=”: 从“google::protobuf::uint64”转换到“google::protobuf::int32”，可能丢失数据
E:\ZZPChat\ChatServer\message.pb.cc(3345,67): warning C4244: “=”: 从“google::protobuf::uint64”转换到“google::protobuf::int32”，可能丢失数据
E:\ZZPChat\ChatServer\message.pb.cc(3599,67): warning C4244: “=”: 从“google::protobuf::uint64”转换到“google::protobuf::int32”，可能丢失数据
E:\ZZPChat\ChatServer\message.pb.cc(3606,69): warning C4244: “=”: 从“google::protobuf::uint64”转换到“google::protobuf::int32”，可能丢失数据
E:\ZZPChat\ChatServer\message.pb.cc(3613,67): warning C4244: “=”: 从“google::protobuf::uint64”转换到“google::protobuf::int32”，可能丢失数据
E:\ZZPChat\ChatServer\message.pb.cc(3853,69): warning C4244: “=”: 从“google::protobuf::uint64”转换到“google::protobuf::int32”，可能丢失数据
E:\ZZPChat\ChatServer\message.pb.cc(3860,67): warning C4244: “=”: 从“google::protobuf::uint64”转换到“google::protobuf::int32”，可能丢失数据
E:\ZZPChat\ChatServer\message.pb.cc(4084,67): warning C4244: “=”: 从“google::protobuf::uint64”转换到“google::protobuf::int32”，可能丢失数据
E:\ZZPChat\ChatServer\message.pb.cc(4091,69): warning C4244: “=”: 从“google::protobuf::uint64”转换到“google::protobuf::int32”，可能丢失数据
E:\ZZPChat\ChatServer\message.pb.cc(4098,67): warning C4244: “=”: 从“google::protobuf::uint64”转换到“google::protobuf::int32”，可能丢失数据
E:\ZZPChat\ChatServer\message.pb.cc(4342,69): warning C4244: “=”: 从“google::protobuf::uint64”转换到“google::protobuf::int32”，可能丢失数据
E:\ZZPChat\ChatServer\message.pb.cc(4349,67): warning C4244: “=”: 从“google::protobuf::uint64”转换到“google::protobuf::int32”，可能丢失数据
E:\ZZPChat\ChatServer\message.pb.cc(4853,67): warning C4244: “=”: 从“google::protobuf::uint64”转换到“google::protobuf::int32”，可能丢失数据
E:\ZZPChat\ChatServer\message.pb.cc(4860,69): warning C4244: “=”: 从“google::protobuf::uint64”转换到“google::protobuf::int32”，可能丢失数据
E:\ZZPChat\ChatServer\message.pb.cc(4867,67): warning C4244: “=”: 从“google::protobuf::uint64”转换到“google::protobuf::int32”，可能丢失数据
  MsgNode.cpp
  Please define _WIN32_WINNT or _WIN32_WINDOWS appropriately. For example:
  - add -D_WIN32_WINNT=0x0601 to the compiler command line; or
  - add _WIN32_WINNT=0x0601 to your project's Preprocessor Definitions.
  Assuming _WIN32_WINNT=0x0601 (i.e. Windows 7 target).
  MysqlDao.cpp
  Please define _WIN32_WINNT or _WIN32_WINDOWS appropriately. For example:
  - add -D_WIN32_WINNT=0x0601 to the compiler command line; or
  - add _WIN32_WINNT=0x0601 to your project's Preprocessor Definitions.
  Assuming _WIN32_WINNT=0x0601 (i.e. Windows 7 target).
  MySqlMgr.cpp
  Please define _WIN32_WINNT or _WIN32_WINDOWS appropriately. For example:
  - add -D_WIN32_WINNT=0x0601 to the compiler command line; or
  - add _WIN32_WINNT=0x0601 to your project's Preprocessor Definitions.
  Assuming _WIN32_WINNT=0x0601 (i.e. Windows 7 target).
  RedisMgr.cpp
  Please define _WIN32_WINNT or _WIN32_WINDOWS appropriately. For example:
  - add -D_WIN32_WINNT=0x0601 to the compiler command line; or
  - add _WIN32_WINNT=0x0601 to your project's Preprocessor Definitions.
  Assuming _WIN32_WINNT=0x0601 (i.e. Windows 7 target).
  Session.cpp
  Please define _WIN32_WINNT or _WIN32_WINDOWS appropriately. For example:
  - add -D_WIN32_WINNT=0x0601 to the compiler command line; or
  - add _WIN32_WINNT=0x0601 to your project's Preprocessor Definitions.
  Assuming _WIN32_WINNT=0x0601 (i.e. Windows 7 target).
E:\ZZPChat\ChatServer\Session.cpp(46,38): warning C4267: “初始化”: 从“size_t”转换到“int”，可能丢失数据
E:\ZZPChat\ChatServer\Session.cpp(65,38): warning C4267: “初始化”: 从“size_t”转换到“int”，可能丢失数据
E:\ZZPChat\ChatServer\Session.cpp(147,1): warning C4267: “参数”: 从“size_t”转换到“boost::asio::detail::u_short_type”，可能丢失数据
E:\ZZPChat\ChatServer\Session.cpp(155,1): warning C4267: “参数”: 从“size_t”转换到“int”，可能丢失数据
E:\ZZPChat\ChatServer\Session.cpp(184,1): warning C4267: “+=”: 从“size_t”转换到“int”，可能丢失数据
E:\Microsoft Visual Studio\2022\Community_IDE\VC\Tools\MSVC\14.29.30133\include\xutility(142,1): warning C4267: “参数”: 从“size_t”转换到“short”，可能丢失数据
E:\Microsoft Visual Studio\2022\Community_IDE\VC\Tools\MSVC\14.29.30133\include\memory(2006): message : 查看对正在编译的函数 模板 实例化“void std::_Construct_in_place<_Ty,char*&,size_t&,short&>(_Ty &,char *&,size_t &,short &) noexcept(false)”的引用
          with
          [
              _Ty=SendNode
          ]
E:\Microsoft Visual Studio\2022\Community_IDE\VC\Tools\MSVC\14.29.30133\include\memory(2725): message : 查看对正在编译的函数 模板 实例化“std::_Ref_count_obj2<_Ty>::_Ref_count_obj2<char*&,size_t&,short&>(char *&,size_t &,short &)”的引用
          with
          [
              _Ty=SendNode
          ]
E:\Microsoft Visual Studio\2022\Community_IDE\VC\Tools\MSVC\14.29.30133\include\memory(2726): message : 查看对正在编译的函数 模板 实例化“std::_Ref_count_obj2<_Ty>::_Ref_count_obj2<char*&,size_t&,short&>(char *&,size_t &,short &)”的引用
          with
          [
              _Ty=SendNode
          ]
E:\ZZPChat\ChatServer\Session.cpp(56): message : 查看对正在编译的函数 模板 实例化“std::shared_ptr<SendNode> std::make_shared<SendNode,char*&,size_t&,short&>(char *&,size_t &,short &)”的引用
  StatusGrpcClient.cpp
  Please define _WIN32_WINNT or _WIN32_WINDOWS appropriately. For example:
  - add -D_WIN32_WINNT=0x0601 to the compiler command line; or
  - add _WIN32_WINNT=0x0601 to your project's Preprocessor Definitions.
  Assuming _WIN32_WINNT=0x0601 (i.e. Windows 7 target).
E:\cppsoft\grpc\include\grpcpp\impl\codegen\security\auth_context.h(38,19): error C4996: 'std::iterator<std::input_iterator_tag,const grpc::AuthProperty,ptrdiff_t,const grpc::AuthProperty *,const grpc::AuthProperty &>': warning STL4015: The std::iterator class template (used as a base class to provide typedefs) is deprecated in C++17. (The <iterator> header is NOT deprecated.) The C++ Standard has never required user-defined iterators to derive from std::iterator. To fix this warning, stop deriving from std::iterator and start providing publicly accessible typedefs named iterator_category, value_type, difference_type, pointer, and reference. Note that value_type is required to be non-const, even for constant iterators. You can define _SILENCE_CXX17_ITERATOR_BASE_CLASS_DEPRECATION_WARNING or _SILENCE_ALL_CXX17_DEPRECATION_WARNINGS to acknowledge that you have received this warning.
E:\Microsoft Visual Studio\2022\Community_IDE\VC\Tools\MSVC\14.29.30133\include\xutility(5959,1): message : 参见“std::iterator”的声明
  UserMgr.cpp
  Please define _WIN32_WINNT or _WIN32_WINDOWS appropriately. For example:
  - add -D_WIN32_WINNT=0x0601 to the compiler command line; or
  - add _WIN32_WINNT=0x0601 to your project's Preprocessor Definitions.
  Assuming _WIN32_WINNT=0x0601 (i.e. Windows 7 target).
  正在生成代码...
E:\ZZPChat\ChatServer\MysqlDao.cpp(87): warning C4715: “MysqlDao::CheckEmail”: 不是所有的控件路径都返回值
E:\ZZPChat\ChatServer\ConfigMgr.h(22): warning C4715: “SectionInfo::operator=”: 不是所有的控件路径都返回值
