  ConfigMgr.cpp
  Please define _WIN32_WINNT or _WIN32_WINDOWS appropriately. For example:
  - add -D_WIN32_WINNT=0x0601 to the compiler command line; or
  - add _WIN32_WINNT=0x0601 to your project's Preprocessor Definitions.
  Assuming _WIN32_WINNT=0x0601 (i.e. Windows 7 target).
  CServer.cpp
  Please define _WIN32_WINNT or _WIN32_WINDOWS appropriately. For example:
  - add -D_WIN32_WINNT=0x0601 to the compiler command line; or
  - add _WIN32_WINNT=0x0601 to your project's Preprocessor Definitions.
  Assuming _WIN32_WINNT=0x0601 (i.e. Windows 7 target).
  GataServer.cpp
  Please define _WIN32_WINNT or _WIN32_WINDOWS appropriately. For example:
  - add -D_WIN32_WINNT=0x0601 to the compiler command line; or
  - add _WIN32_WINNT=0x0601 to your project's Preprocessor Definitions.
  Assuming _WIN32_WINNT=0x0601 (i.e. Windows 7 target).
E:\ZZPChat\GataServer\GataServer.cpp(58,16): warning C4244: “初始化”: 从“PORT_LONGLONG”转换到“int”，可能丢失数据
  HttpConnection.cpp
  Please define _WIN32_WINNT or _WIN32_WINDOWS appropriately. For example:
  - add -D_WIN32_WINNT=0x0601 to the compiler command line; or
  - add _WIN32_WINNT=0x0601 to your project's Preprocessor Definitions.
  Assuming _WIN32_WINNT=0x0601 (i.e. Windows 7 target).
  IOContextPool.cpp
  Please define _WIN32_WINNT or _WIN32_WINDOWS appropriately. For example:
  - add -D_WIN32_WINNT=0x0601 to the compiler command line; or
  - add _WIN32_WINNT=0x0601 to your project's Preprocessor Definitions.
  Assuming _WIN32_WINNT=0x0601 (i.e. Windows 7 target).
  LogicSystem.cpp
  Please define _WIN32_WINNT or _WIN32_WINDOWS appropriately. For example:
  - add -D_WIN32_WINNT=0x0601 to the compiler command line; or
  - add _WIN32_WINNT=0x0601 to your project's Preprocessor Definitions.
  Assuming _WIN32_WINNT=0x0601 (i.e. Windows 7 target).
  message.grpc.pb.cc
  message.pb.cc
E:\ZZPChat\GataServer\message.pb.cc(470,67): warning C4244: “=”: 从“google::protobuf::uint64”转换到“google::protobuf::int32”，可能丢失数据
E:\ZZPChat\GataServer\message.pb.cc(727,65): warning C4244: “=”: 从“google::protobuf::uint64”转换到“google::protobuf::int32”，可能丢失数据
E:\ZZPChat\GataServer\message.pb.cc(949,67): warning C4244: “=”: 从“google::protobuf::uint64”转换到“google::protobuf::int32”，可能丢失数据
  MysqlDao.cpp
  Please define _WIN32_WINNT or _WIN32_WINDOWS appropriately. For example:
  - add -D_WIN32_WINNT=0x0601 to the compiler command line; or
  - add _WIN32_WINNT=0x0601 to your project's Preprocessor Definitions.
  Assuming _WIN32_WINNT=0x0601 (i.e. Windows 7 target).
  MySqlMgr.cpp
  Please define _WIN32_WINNT or _WIN32_WINDOWS appropriately. For example:
  - add -D_WIN32_WINNT=0x0601 to the compiler command line; or
  - add _WIN32_WINNT=0x0601 to your project's Preprocessor Definitions.
  Assuming _WIN32_WINNT=0x0601 (i.e. Windows 7 target).
  RedisMgr.cpp
  Please define _WIN32_WINNT or _WIN32_WINDOWS appropriately. For example:
  - add -D_WIN32_WINNT=0x0601 to the compiler command line; or
  - add _WIN32_WINNT=0x0601 to your project's Preprocessor Definitions.
  Assuming _WIN32_WINNT=0x0601 (i.e. Windows 7 target).
  StatusGrpcClient.cpp
  Please define _WIN32_WINNT or _WIN32_WINDOWS appropriately. For example:
  - add -D_WIN32_WINNT=0x0601 to the compiler command line; or
  - add _WIN32_WINNT=0x0601 to your project's Preprocessor Definitions.
  Assuming _WIN32_WINNT=0x0601 (i.e. Windows 7 target).
  VarifyGrpcClient.cpp
  Please define _WIN32_WINNT or _WIN32_WINDOWS appropriately. For example:
  - add -D_WIN32_WINNT=0x0601 to the compiler command line; or
  - add _WIN32_WINNT=0x0601 to your project's Preprocessor Definitions.
  Assuming _WIN32_WINNT=0x0601 (i.e. Windows 7 target).
  正在生成代码...
E:\ZZPChat\GataServer\MysqlDao.cpp(87,1): warning C4715: “MysqlDao::CheckEmail”: 不是所有的控件路径都返回值
E:\ZZPChat\GataServer\ConfigMgr.h(22,1): warning C4715: “SectionInfo::operator=”: 不是所有的控件路径都返回值
LINK : warning LNK4199: 已忽略 /DELAYLOAD:libboost_filesystem-vc142-mt-s-x64-1_82.lib；未找到来自 libboost_filesystem-vc142-mt-s-x64-1_82.lib 的导入
  GataServer.vcxproj -> E:\ZZPChat\GataServer\x64\Debug\GataServer.exe
  E:\ZZPChat\GataServer\config.ini
  复制了 1 个文件
  E:\ZZPChat\GataServer\mysqlcppconn-9-vs14.dll
  E:\ZZPChat\GataServer\mysqlcppconn8-2-vs14.dll
  复制了 2 个文件
